../Core/Src/i2c.c:61:6:MX_I2C1_Init	8	static
../Core/Src/i2c.c:90:6:MX_I2C2_Init	8	static
../Core/Src/i2c.c:119:6:HAL_I2C_MspInit	56	static
../Core/Src/i2c.c:180:6:HAL_I2C_MspDeInit	16	static
../Core/Src/i2c.c:227:13:HAL_I2C_ListenCpltCallback	16	static
../Core/Src/i2c.c:235:13:HAL_I2C_AddrCallback	16	static
../Core/Src/i2c.c:257:6:HAL_I2C_SlaveTxCpltCallback	16	static
../Core/Src/i2c.c:269:6:HAL_I2C_SlaveRxCpltCallback	16	static
../Core/Src/i2c.c:292:6:HAL_I2C_ErrorCallback	16	static
../Core/Src/i2c.c:314:6:ProcessData	16	static
