../Core/Src/i2c.c:63:6:MX_I2C1_Init	8	static
../Core/Src/i2c.c:92:6:MX_I2C2_Init	8	static
../Core/Src/i2c.c:121:6:HAL_I2C_MspInit	56	static
../Core/Src/i2c.c:188:6:HAL_I2C_MspDeInit	16	static
../Core/Src/i2c.c:238:13:HAL_I2C_ListenCpltCallback	16	static
../Core/Src/i2c.c:246:13:HAL_I2C_AddrCallback	16	static
../Core/Src/i2c.c:268:6:HAL_I2C_SlaveTxCpltCallback	16	static
../Core/Src/i2c.c:280:6:HAL_I2C_SlaveRxCpltCallback	16	static
../Core/Src/i2c.c:303:6:HAL_I2C_ErrorCallback	16	static
../Core/Src/i2c.c:325:6:ProcessData	16	static
