../Core/Src/main.c:107:5:main	1
../Core/Src/main.c:194:6:SystemClock_Config	3
../Core/Src/main.c:240:13:MX_ADC1_Init	3
../Core/Src/main.c:292:13:MX_I2C2_Init	2
../Core/Src/main.c:326:13:MX_SPI1_Init	2
../Core/Src/main.c:364:13:MX_TIM1_Init	9
../Core/Src/main.c:449:13:MX_TIM2_Init	3
../Core/Src/main.c:493:13:MX_TIM9_Init	3
../Core/Src/main.c:534:13:MX_USART1_UART_Init	2
../Core/Src/main.c:567:13:MX_GPIO_Init	1
../Core/Src/main.c:595:19:StartupSequence	2
../Core/Src/main.c:625:19:StopSequence	2
../Core/Src/main.c:654:19:PrepareCommutation	3
../Core/Src/main.c:691:6:Error_Handler	1
