../Core/Src/main.c:111:5:main	16	static
../Core/Src/main.c:198:6:SystemClock_Config	88	static
../Core/Src/main.c:244:13:MX_ADC1_Init	24	static
../Core/Src/main.c:296:13:MX_I2C1_Init	8	static
../Core/Src/main.c:330:13:MX_I2C2_Init	8	static
../Core/Src/main.c:364:13:MX_SPI1_Init	8	static
../Core/Src/main.c:402:13:MX_TIM1_Init	96	static
../Core/Src/main.c:487:13:MX_TIM2_Init	32	static
../Core/Src/main.c:531:13:MX_TIM9_Init	40	static
../Core/Src/main.c:572:13:MX_USART1_UART_Init	8	static
../Core/Src/main.c:605:13:MX_GPIO_Init	48	static
../Core/Src/main.c:633:19:StartupSequence	16	static
../Core/Src/main.c:680:19:StopSequence	8	static
../Core/Src/main.c:709:19:PrepareCommutation	24	static
../Core/Src/main.c:745:6:Error_Handler	4	static,ignoring_inline_asm
