../Core/Src/main.c:94:13:HAL_I2C_ListenCpltCallback	1
../Core/Src/main.c:99:13:HAL_I2C_AddrCallback	2
../Core/Src/main.c:112:6:HAL_I2C_SlaveRxCpltCallback	1
../Core/Src/main.c:118:6:HAL_I2C_ErrorCallback	1
../Core/Src/main.c:140:5:main	1
../Core/Src/main.c:233:6:SystemClock_Config	3
../Core/Src/main.c:279:13:MX_ADC1_Init	3
../Core/Src/main.c:331:13:MX_I2C1_Init	2
../Core/Src/main.c:365:13:MX_SPI1_Init	2
../Core/Src/main.c:403:13:MX_TIM1_Init	9
../Core/Src/main.c:488:13:MX_TIM2_Init	3
../Core/Src/main.c:532:13:MX_TIM9_Init	3
../Core/Src/main.c:573:13:MX_USART1_UART_Init	2
../Core/Src/main.c:606:13:MX_GPIO_Init	1
../Core/Src/main.c:634:19:StartupSequence	2
../Core/Src/main.c:684:19:StopSequence	2
../Core/Src/main.c:713:19:PrepareCommutation	3
../Core/Src/main.c:749:6:Error_Handler	1
