../Core/Src/stm32f4xx_it.c:88:6:NMI_Handler	4	static
../Core/Src/stm32f4xx_it.c:103:6:HardFault_Handler	4	static
../Core/Src/stm32f4xx_it.c:118:6:MemManage_Handler	4	static
../Core/Src/stm32f4xx_it.c:133:6:BusFault_Handler	4	static
../Core/Src/stm32f4xx_it.c:148:6:UsageFault_Handler	4	static
../Core/Src/stm32f4xx_it.c:163:6:SVC_Handler	4	static
../Core/Src/stm32f4xx_it.c:176:6:DebugMon_Handler	4	static
../Core/Src/stm32f4xx_it.c:189:6:PendSV_Handler	4	static
../Core/Src/stm32f4xx_it.c:202:6:SysTick_Handler	8	static
../Core/Src/stm32f4xx_it.c:223:6:EXTI4_IRQHandler	8	static
../Core/Src/stm32f4xx_it.c:239:6:ADC_IRQHandler	8	static
../Core/Src/stm32f4xx_it.c:253:6:TIM1_BRK_TIM9_IRQHandler	8	static
../Core/Src/stm32f4xx_it.c:293:6:TIM1_TRG_COM_TIM11_IRQHandler	8	static
../Core/Src/stm32f4xx_it.c:311:6:TIM2_IRQHandler	8	static
../Core/Src/stm32f4xx_it.c:331:6:I2C1_EV_IRQHandler	8	static
../Core/Src/stm32f4xx_it.c:345:6:I2C1_ER_IRQHandler	8	static
