12:23:56 **** Incremental Build of configuration Debug for project Read Hall Sensor ****
make -j8 all 
arm-none-eabi-gcc "../Core/Src/main.c" -mcpu=cortex-m4 -std=gnu11 -g3 -DDEBUG -DUSE_HAL_DRIVER -DSTM32F411xE -c -I../Core/Inc -I../Drivers/STM32F4xx_HAL_Driver/Inc -I../Drivers/STM32F4xx_HAL_Driver/Inc/Legacy -I../Drivers/CMSIS/Device/ST/STM32F4xx/Include -I../Drivers/CMSIS/Include -O0 -ffunction-sections -fdata-sections -Wall -fstack-usage -fcyclomatic-complexity -MMD -MP -MF"Core/Src/main.d" -MT"Core/Src/main.o" --specs=nano.specs -mfpu=fpv4-sp-d16 -mfloat-abi=hard -mthumb -o "Core/Src/main.o"
arm-none-eabi-gcc "../Core/Src/stm32f4xx_it.c" -mcpu=cortex-m4 -std=gnu11 -g3 -DDEBUG -DUSE_HAL_DRIVER -DSTM32F411xE -c -I../Core/Inc -I../Drivers/STM32F4xx_HAL_Driver/Inc -I../Drivers/STM32F4xx_HAL_Driver/Inc/Legacy -I../Drivers/CMSIS/Device/ST/STM32F4xx/Include -I../Drivers/CMSIS/Include -O0 -ffunction-sections -fdata-sections -Wall -fstack-usage -fcyclomatic-complexity -MMD -MP -MF"Core/Src/stm32f4xx_it.d" -MT"Core/Src/stm32f4xx_it.o" --specs=nano.specs -mfpu=fpv4-sp-d16 -mfloat-abi=hard -mthumb -o "Core/Src/stm32f4xx_it.o"
../Core/Src/main.c: In function 'main':
../Core/Src/main.c:93:80: warning: unused variable 'i' [-Wunused-variable]
   93 |   int16_t HALLU, HALLV, HALLW, Prev_HALLU = 0, Prev_HALLV = 0, Prev_HALLW = 0, i = 0;
      |                                                                                ^
../Core/Src/main.c:93:64: warning: unused variable 'Prev_HALLW' [-Wunused-variable]
   93 |   int16_t HALLU, HALLV, HALLW, Prev_HALLU = 0, Prev_HALLV = 0, Prev_HALLW = 0, i = 0;
      |                                                                ^~~~~~~~~~
../Core/Src/main.c:93:48: warning: unused variable 'Prev_HALLV' [-Wunused-variable]
   93 |   int16_t HALLU, HALLV, HALLW, Prev_HALLU = 0, Prev_HALLV = 0, Prev_HALLW = 0, i = 0;
      |                                                ^~~~~~~~~~
../Core/Src/main.c:93:32: warning: unused variable 'Prev_HALLU' [-Wunused-variable]
   93 |   int16_t HALLU, HALLV, HALLW, Prev_HALLU = 0, Prev_HALLV = 0, Prev_HALLW = 0, i = 0;
      |                                ^~~~~~~~~~
../Core/Src/main.c:93:25: warning: unused variable 'HALLW' [-Wunused-variable]
   93 |   int16_t HALLU, HALLV, HALLW, Prev_HALLU = 0, Prev_HALLV = 0, Prev_HALLW = 0, i = 0;
      |                         ^~~~~
../Core/Src/main.c:93:18: warning: unused variable 'HALLV' [-Wunused-variable]
   93 |   int16_t HALLU, HALLV, HALLW, Prev_HALLU = 0, Prev_HALLV = 0, Prev_HALLW = 0, i = 0;
      |                  ^~~~~
../Core/Src/main.c:93:11: warning: unused variable 'HALLU' [-Wunused-variable]
   93 |   int16_t HALLU, HALLV, HALLW, Prev_HALLU = 0, Prev_HALLV = 0, Prev_HALLW = 0, i = 0;
      |           ^~~~~
arm-none-eabi-gcc -o "Read Hall Sensor.elf" @"objects.list"   -mcpu=cortex-m4 -T"C:\Users\luuk\Documents\GitHub\STM32-Code-Source\Read Hall Sensors\Read Hall Sensor\STM32F411CEUX_FLASH.ld" --specs=nosys.specs -Wl,-Map="Read Hall Sensor.map" -Wl,--gc-sections -static --specs=nano.specs -mfpu=fpv4-sp-d16 -mfloat-abi=hard -mthumb -Wl,--start-group -lc -lm -Wl,--end-group
Finished building target: Read Hall Sensor.elf
 
arm-none-eabi-size   Read\ Hall\ Sensor.elf 
arm-none-eabi-objdump -h -S  Read\ Hall\ Sensor.elf  > "Read Hall Sensor.list"
   text	   data	    bss	    dec	    hex	filename
   7428	     20	   1644	   9092	   2384	Read Hall Sensor.elf
Finished building: default.size.stdout
 
Finished building: Read Hall Sensor.list
 

12:23:58 Build Finished. 0 errors, 7 warnings. (took 1s.818ms)

