17:24:58 **** Incremental Build of configuration Debug for project Commutation ****
make -j8 all 
arm-none-eabi-size  Commutation.elf 
   text	   data	    bss	    dec	    hex	filename
  34508	    628	  68588	 103724	  1952c	Commutation.elf
Finished building: default.size.stdout
 
17:25:03 **** Incremental Build of configuration Debug for project Commutation ****
make -j8 all 
arm-none-eabi-size  Commutation.elf 
   text	   data	    bss	    dec	    hex	filename
  34508	    628	  68588	 103724	  1952c	Commutation.elf
Finished building: default.size.stdout
 
17:26:10 **** Incremental Build of configuration Debug for project Commutation ****
make -j8 all 
arm-none-eabi-gcc "../Core/Src/adc.c" -mcpu=cortex-m4 -std=gnu11 -g3 -DDEBUG -DUSE_HAL_DRIVER -DSTM32F411xE -c -I../Core/Inc -I../Drivers/STM32F4xx_HAL_Driver/Inc -I../Drivers/STM32F4xx_HAL_Driver/Inc/Legacy -I../Drivers/CMSIS/Device/ST/STM32F4xx/Include -I../Drivers/CMSIS/Include -O0 -ffunction-sections -fdata-sections -Wall -fstack-usage -fcyclomatic-complexity -MMD -MP -MF"Core/Src/adc.d" -MT"Core/Src/adc.o" --specs=nano.specs -mfpu=fpv4-sp-d16 -mfloat-abi=hard -mthumb -o "Core/Src/adc.o"
arm-none-eabi-gcc -o "Commutation.elf" @"objects.list"   -mcpu=cortex-m4 -T"C:\Users\luuk\Documents\GitHub\Allset\STM32-Code-Source\Black Pill Code\Commutation\STM32F411CEUX_FLASH.ld" --specs=nosys.specs -Wl,-Map="Commutation.map" -Wl,--gc-sections -static --specs=nano.specs -mfpu=fpv4-sp-d16 -mfloat-abi=hard -mthumb -u _printf_float -Wl,--start-group -lc -lm -Wl,--end-group
Finished building target: Commutation.elf
 
arm-none-eabi-size  Commutation.elf 
arm-none-eabi-objdump -h -S Commutation.elf  > "Commutation.list"
   text	   data	    bss	    dec	    hex	filename
  34516	    628	  68588	 103732	  19534	Commutation.elf
Finished building: default.size.stdout
 
Finished building: Commutation.list
 
17:28:03 **** Incremental Build of configuration Debug for project Commutation ****
make -j8 all 
arm-none-eabi-gcc "../Core/Src/Functions.c" -mcpu=cortex-m4 -std=gnu11 -g3 -DDEBUG -DUSE_HAL_DRIVER -DSTM32F411xE -c -I../Core/Inc -I../Drivers/STM32F4xx_HAL_Driver/Inc -I../Drivers/STM32F4xx_HAL_Driver/Inc/Legacy -I../Drivers/CMSIS/Device/ST/STM32F4xx/Include -I../Drivers/CMSIS/Include -O0 -ffunction-sections -fdata-sections -Wall -fstack-usage -fcyclomatic-complexity -MMD -MP -MF"Core/Src/Functions.d" -MT"Core/Src/Functions.o" --specs=nano.specs -mfpu=fpv4-sp-d16 -mfloat-abi=hard -mthumb -o "Core/Src/Functions.o"
arm-none-eabi-gcc "../Core/Src/adc.c" -mcpu=cortex-m4 -std=gnu11 -g3 -DDEBUG -DUSE_HAL_DRIVER -DSTM32F411xE -c -I../Core/Inc -I../Drivers/STM32F4xx_HAL_Driver/Inc -I../Drivers/STM32F4xx_HAL_Driver/Inc/Legacy -I../Drivers/CMSIS/Device/ST/STM32F4xx/Include -I../Drivers/CMSIS/Include -O0 -ffunction-sections -fdata-sections -Wall -fstack-usage -fcyclomatic-complexity -MMD -MP -MF"Core/Src/adc.d" -MT"Core/Src/adc.o" --specs=nano.specs -mfpu=fpv4-sp-d16 -mfloat-abi=hard -mthumb -o "Core/Src/adc.o"
arm-none-eabi-gcc "../Core/Src/i2c.c" -mcpu=cortex-m4 -std=gnu11 -g3 -DDEBUG -DUSE_HAL_DRIVER -DSTM32F411xE -c -I../Core/Inc -I../Drivers/STM32F4xx_HAL_Driver/Inc -I../Drivers/STM32F4xx_HAL_Driver/Inc/Legacy -I../Drivers/CMSIS/Device/ST/STM32F4xx/Include -I../Drivers/CMSIS/Include -O0 -ffunction-sections -fdata-sections -Wall -fstack-usage -fcyclomatic-complexity -MMD -MP -MF"Core/Src/i2c.d" -MT"Core/Src/i2c.o" --specs=nano.specs -mfpu=fpv4-sp-d16 -mfloat-abi=hard -mthumb -o "Core/Src/i2c.o"
arm-none-eabi-gcc "../Core/Src/main.c" -mcpu=cortex-m4 -std=gnu11 -g3 -DDEBUG -DUSE_HAL_DRIVER -DSTM32F411xE -c -I../Core/Inc -I../Drivers/STM32F4xx_HAL_Driver/Inc -I../Drivers/STM32F4xx_HAL_Driver/Inc/Legacy -I../Drivers/CMSIS/Device/ST/STM32F4xx/Include -I../Drivers/CMSIS/Include -O0 -ffunction-sections -fdata-sections -Wall -fstack-usage -fcyclomatic-complexity -MMD -MP -MF"Core/Src/main.d" -MT"Core/Src/main.o" --specs=nano.specs -mfpu=fpv4-sp-d16 -mfloat-abi=hard -mthumb -o "Core/Src/main.o"
arm-none-eabi-gcc "../Core/Src/stm32f4xx_it.c" -mcpu=cortex-m4 -std=gnu11 -g3 -DDEBUG -DUSE_HAL_DRIVER -DSTM32F411xE -c -I../Core/Inc -I../Drivers/STM32F4xx_HAL_Driver/Inc -I../Drivers/STM32F4xx_HAL_Driver/Inc/Legacy -I../Drivers/CMSIS/Device/ST/STM32F4xx/Include -I../Drivers/CMSIS/Include -O0 -ffunction-sections -fdata-sections -Wall -fstack-usage -fcyclomatic-complexity -MMD -MP -MF"Core/Src/stm32f4xx_it.d" -MT"Core/Src/stm32f4xx_it.o" --specs=nano.specs -mfpu=fpv4-sp-d16 -mfloat-abi=hard -mthumb -o "Core/Src/stm32f4xx_it.o"
../Core/Src/adc.c: In function 'HAL_ADC_ConvCpltCallback':
../Core/Src/adc.c:150:9: error: 'Registers' undeclared (first use in this function)
  150 |         Registers[CurReg] = (TotalCurrent / AvgSizeCur);
      |         ^~~~~~~~~
../Core/Src/adc.c:150:9: note: each undeclared identifier is reported only once for each function it appears in
make: *** [Core/Src/subdir.mk:49: Core/Src/adc.o] Error 1
make: *** Waiting for unfinished jobs....
"make -j8 all" terminated with exit code 2. Build might be incomplete.
17:28:16 **** Incremental Build of configuration Debug for project Commutation ****
make -j8 all 
arm-none-eabi-gcc "../Core/Src/adc.c" -mcpu=cortex-m4 -std=gnu11 -g3 -DDEBUG -DUSE_HAL_DRIVER -DSTM32F411xE -c -I../Core/Inc -I../Drivers/STM32F4xx_HAL_Driver/Inc -I../Drivers/STM32F4xx_HAL_Driver/Inc/Legacy -I../Drivers/CMSIS/Device/ST/STM32F4xx/Include -I../Drivers/CMSIS/Include -O0 -ffunction-sections -fdata-sections -Wall -fstack-usage -fcyclomatic-complexity -MMD -MP -MF"Core/Src/adc.d" -MT"Core/Src/adc.o" --specs=nano.specs -mfpu=fpv4-sp-d16 -mfloat-abi=hard -mthumb -o "Core/Src/adc.o"
../Core/Src/adc.c: In function 'HAL_ADC_ConvCpltCallback':
../Core/Src/adc.c:150:9: error: 'Registers' undeclared (first use in this function)
  150 |         Registers[CurReg] = (TotalCurrent / AvgSizeCur);
      |         ^~~~~~~~~
../Core/Src/adc.c:150:9: note: each undeclared identifier is reported only once for each function it appears in
make: *** [Core/Src/subdir.mk:49: Core/Src/adc.o] Error 1
"make -j8 all" terminated with exit code 2. Build might be incomplete.
17:29:19 **** Incremental Build of configuration Debug for project Commutation ****
make -j8 all 
arm-none-eabi-gcc "../Core/Src/Functions.c" -mcpu=cortex-m4 -std=gnu11 -g3 -DDEBUG -DUSE_HAL_DRIVER -DSTM32F411xE -c -I../Core/Inc -I../Drivers/STM32F4xx_HAL_Driver/Inc -I../Drivers/STM32F4xx_HAL_Driver/Inc/Legacy -I../Drivers/CMSIS/Device/ST/STM32F4xx/Include -I../Drivers/CMSIS/Include -O0 -ffunction-sections -fdata-sections -Wall -fstack-usage -fcyclomatic-complexity -MMD -MP -MF"Core/Src/Functions.d" -MT"Core/Src/Functions.o" --specs=nano.specs -mfpu=fpv4-sp-d16 -mfloat-abi=hard -mthumb -o "Core/Src/Functions.o"
arm-none-eabi-gcc "../Core/Src/adc.c" -mcpu=cortex-m4 -std=gnu11 -g3 -DDEBUG -DUSE_HAL_DRIVER -DSTM32F411xE -c -I../Core/Inc -I../Drivers/STM32F4xx_HAL_Driver/Inc -I../Drivers/STM32F4xx_HAL_Driver/Inc/Legacy -I../Drivers/CMSIS/Device/ST/STM32F4xx/Include -I../Drivers/CMSIS/Include -O0 -ffunction-sections -fdata-sections -Wall -fstack-usage -fcyclomatic-complexity -MMD -MP -MF"Core/Src/adc.d" -MT"Core/Src/adc.o" --specs=nano.specs -mfpu=fpv4-sp-d16 -mfloat-abi=hard -mthumb -o "Core/Src/adc.o"
arm-none-eabi-gcc "../Core/Src/i2c.c" -mcpu=cortex-m4 -std=gnu11 -g3 -DDEBUG -DUSE_HAL_DRIVER -DSTM32F411xE -c -I../Core/Inc -I../Drivers/STM32F4xx_HAL_Driver/Inc -I../Drivers/STM32F4xx_HAL_Driver/Inc/Legacy -I../Drivers/CMSIS/Device/ST/STM32F4xx/Include -I../Drivers/CMSIS/Include -O0 -ffunction-sections -fdata-sections -Wall -fstack-usage -fcyclomatic-complexity -MMD -MP -MF"Core/Src/i2c.d" -MT"Core/Src/i2c.o" --specs=nano.specs -mfpu=fpv4-sp-d16 -mfloat-abi=hard -mthumb -o "Core/Src/i2c.o"
arm-none-eabi-gcc "../Core/Src/main.c" -mcpu=cortex-m4 -std=gnu11 -g3 -DDEBUG -DUSE_HAL_DRIVER -DSTM32F411xE -c -I../Core/Inc -I../Drivers/STM32F4xx_HAL_Driver/Inc -I../Drivers/STM32F4xx_HAL_Driver/Inc/Legacy -I../Drivers/CMSIS/Device/ST/STM32F4xx/Include -I../Drivers/CMSIS/Include -O0 -ffunction-sections -fdata-sections -Wall -fstack-usage -fcyclomatic-complexity -MMD -MP -MF"Core/Src/main.d" -MT"Core/Src/main.o" --specs=nano.specs -mfpu=fpv4-sp-d16 -mfloat-abi=hard -mthumb -o "Core/Src/main.o"
arm-none-eabi-gcc "../Core/Src/stm32f4xx_it.c" -mcpu=cortex-m4 -std=gnu11 -g3 -DDEBUG -DUSE_HAL_DRIVER -DSTM32F411xE -c -I../Core/Inc -I../Drivers/STM32F4xx_HAL_Driver/Inc -I../Drivers/STM32F4xx_HAL_Driver/Inc/Legacy -I../Drivers/CMSIS/Device/ST/STM32F4xx/Include -I../Drivers/CMSIS/Include -O0 -ffunction-sections -fdata-sections -Wall -fstack-usage -fcyclomatic-complexity -MMD -MP -MF"Core/Src/stm32f4xx_it.d" -MT"Core/Src/stm32f4xx_it.o" --specs=nano.specs -mfpu=fpv4-sp-d16 -mfloat-abi=hard -mthumb -o "Core/Src/stm32f4xx_it.o"
arm-none-eabi-gcc -o "Commutation.elf" @"objects.list"   -mcpu=cortex-m4 -T"C:\Users\luuk\Documents\GitHub\Allset\STM32-Code-Source\Black Pill Code\Commutation\STM32F411CEUX_FLASH.ld" --specs=nosys.specs -Wl,-Map="Commutation.map" -Wl,--gc-sections -static --specs=nano.specs -mfpu=fpv4-sp-d16 -mfloat-abi=hard -mthumb -u _printf_float -Wl,--start-group -lc -lm -Wl,--end-group
Finished building target: Commutation.elf
 
arm-none-eabi-size  Commutation.elf 
arm-none-eabi-objdump -h -S Commutation.elf  > "Commutation.list"
   text	   data	    bss	    dec	    hex	filename
  34508	    628	  68588	 103724	  1952c	Commutation.elf
Finished building: default.size.stdout
 
Finished building: Commutation.list
 
17:29:23 **** Incremental Build of configuration Debug for project Commutation ****
make -j8 all 
arm-none-eabi-size  Commutation.elf 
   text	   data	    bss	    dec	    hex	filename
  34508	    628	  68588	 103724	  1952c	Commutation.elf
Finished building: default.size.stdout
 
17:29:52 **** Incremental Build of configuration Debug for project Commutation ****
make -j8 all 
arm-none-eabi-size  Commutation.elf 
   text	   data	    bss	    dec	    hex	filename
  34508	    628	  68588	 103724	  1952c	Commutation.elf
Finished building: default.size.stdout
 
17:33:27 **** Incremental Build of configuration Debug for project Commutation ****
make -j8 all 
arm-none-eabi-gcc "../Core/Src/Functions.c" -mcpu=cortex-m4 -std=gnu11 -g3 -DDEBUG -DUSE_HAL_DRIVER -DSTM32F411xE -c -I../Core/Inc -I../Drivers/STM32F4xx_HAL_Driver/Inc -I../Drivers/STM32F4xx_HAL_Driver/Inc/Legacy -I../Drivers/CMSIS/Device/ST/STM32F4xx/Include -I../Drivers/CMSIS/Include -O0 -ffunction-sections -fdata-sections -Wall -fstack-usage -fcyclomatic-complexity -MMD -MP -MF"Core/Src/Functions.d" -MT"Core/Src/Functions.o" --specs=nano.specs -mfpu=fpv4-sp-d16 -mfloat-abi=hard -mthumb -o "Core/Src/Functions.o"
arm-none-eabi-gcc "../Core/Src/adc.c" -mcpu=cortex-m4 -std=gnu11 -g3 -DDEBUG -DUSE_HAL_DRIVER -DSTM32F411xE -c -I../Core/Inc -I../Drivers/STM32F4xx_HAL_Driver/Inc -I../Drivers/STM32F4xx_HAL_Driver/Inc/Legacy -I../Drivers/CMSIS/Device/ST/STM32F4xx/Include -I../Drivers/CMSIS/Include -O0 -ffunction-sections -fdata-sections -Wall -fstack-usage -fcyclomatic-complexity -MMD -MP -MF"Core/Src/adc.d" -MT"Core/Src/adc.o" --specs=nano.specs -mfpu=fpv4-sp-d16 -mfloat-abi=hard -mthumb -o "Core/Src/adc.o"
arm-none-eabi-gcc "../Core/Src/gpio.c" -mcpu=cortex-m4 -std=gnu11 -g3 -DDEBUG -DUSE_HAL_DRIVER -DSTM32F411xE -c -I../Core/Inc -I../Drivers/STM32F4xx_HAL_Driver/Inc -I../Drivers/STM32F4xx_HAL_Driver/Inc/Legacy -I../Drivers/CMSIS/Device/ST/STM32F4xx/Include -I../Drivers/CMSIS/Include -O0 -ffunction-sections -fdata-sections -Wall -fstack-usage -fcyclomatic-complexity -MMD -MP -MF"Core/Src/gpio.d" -MT"Core/Src/gpio.o" --specs=nano.specs -mfpu=fpv4-sp-d16 -mfloat-abi=hard -mthumb -o "Core/Src/gpio.o"
arm-none-eabi-gcc "../Core/Src/i2c.c" -mcpu=cortex-m4 -std=gnu11 -g3 -DDEBUG -DUSE_HAL_DRIVER -DSTM32F411xE -c -I../Core/Inc -I../Drivers/STM32F4xx_HAL_Driver/Inc -I../Drivers/STM32F4xx_HAL_Driver/Inc/Legacy -I../Drivers/CMSIS/Device/ST/STM32F4xx/Include -I../Drivers/CMSIS/Include -O0 -ffunction-sections -fdata-sections -Wall -fstack-usage -fcyclomatic-complexity -MMD -MP -MF"Core/Src/i2c.d" -MT"Core/Src/i2c.o" --specs=nano.specs -mfpu=fpv4-sp-d16 -mfloat-abi=hard -mthumb -o "Core/Src/i2c.o"
arm-none-eabi-gcc "../Core/Src/main.c" -mcpu=cortex-m4 -std=gnu11 -g3 -DDEBUG -DUSE_HAL_DRIVER -DSTM32F411xE -c -I../Core/Inc -I../Drivers/STM32F4xx_HAL_Driver/Inc -I../Drivers/STM32F4xx_HAL_Driver/Inc/Legacy -I../Drivers/CMSIS/Device/ST/STM32F4xx/Include -I../Drivers/CMSIS/Include -O0 -ffunction-sections -fdata-sections -Wall -fstack-usage -fcyclomatic-complexity -MMD -MP -MF"Core/Src/main.d" -MT"Core/Src/main.o" --specs=nano.specs -mfpu=fpv4-sp-d16 -mfloat-abi=hard -mthumb -o "Core/Src/main.o"
arm-none-eabi-gcc "../Core/Src/stm32f4xx_hal_msp.c" -mcpu=cortex-m4 -std=gnu11 -g3 -DDEBUG -DUSE_HAL_DRIVER -DSTM32F411xE -c -I../Core/Inc -I../Drivers/STM32F4xx_HAL_Driver/Inc -I../Drivers/STM32F4xx_HAL_Driver/Inc/Legacy -I../Drivers/CMSIS/Device/ST/STM32F4xx/Include -I../Drivers/CMSIS/Include -O0 -ffunction-sections -fdata-sections -Wall -fstack-usage -fcyclomatic-complexity -MMD -MP -MF"Core/Src/stm32f4xx_hal_msp.d" -MT"Core/Src/stm32f4xx_hal_msp.o" --specs=nano.specs -mfpu=fpv4-sp-d16 -mfloat-abi=hard -mthumb -o "Core/Src/stm32f4xx_hal_msp.o"
arm-none-eabi-gcc "../Core/Src/stm32f4xx_it.c" -mcpu=cortex-m4 -std=gnu11 -g3 -DDEBUG -DUSE_HAL_DRIVER -DSTM32F411xE -c -I../Core/Inc -I../Drivers/STM32F4xx_HAL_Driver/Inc -I../Drivers/STM32F4xx_HAL_Driver/Inc/Legacy -I../Drivers/CMSIS/Device/ST/STM32F4xx/Include -I../Drivers/CMSIS/Include -O0 -ffunction-sections -fdata-sections -Wall -fstack-usage -fcyclomatic-complexity -MMD -MP -MF"Core/Src/stm32f4xx_it.d" -MT"Core/Src/stm32f4xx_it.o" --specs=nano.specs -mfpu=fpv4-sp-d16 -mfloat-abi=hard -mthumb -o "Core/Src/stm32f4xx_it.o"
arm-none-eabi-gcc "../Core/Src/tim.c" -mcpu=cortex-m4 -std=gnu11 -g3 -DDEBUG -DUSE_HAL_DRIVER -DSTM32F411xE -c -I../Core/Inc -I../Drivers/STM32F4xx_HAL_Driver/Inc -I../Drivers/STM32F4xx_HAL_Driver/Inc/Legacy -I../Drivers/CMSIS/Device/ST/STM32F4xx/Include -I../Drivers/CMSIS/Include -O0 -ffunction-sections -fdata-sections -Wall -fstack-usage -fcyclomatic-complexity -MMD -MP -MF"Core/Src/tim.d" -MT"Core/Src/tim.o" --specs=nano.specs -mfpu=fpv4-sp-d16 -mfloat-abi=hard -mthumb -o "Core/Src/tim.o"
arm-none-eabi-gcc -o "Commutation.elf" @"objects.list"   -mcpu=cortex-m4 -T"C:\Users\luuk\Documents\GitHub\Allset\STM32-Code-Source\Black Pill Code\Commutation\STM32F411CEUX_FLASH.ld" --specs=nosys.specs -Wl,-Map="Commutation.map" -Wl,--gc-sections -static --specs=nano.specs -mfpu=fpv4-sp-d16 -mfloat-abi=hard -mthumb -u _printf_float -Wl,--start-group -lc -lm -Wl,--end-group
Finished building target: Commutation.elf
 
arm-none-eabi-size  Commutation.elf 
arm-none-eabi-objdump -h -S Commutation.elf  > "Commutation.list"
   text	   data	    bss	    dec	    hex	filename
  34508	    628	  68332	 103468	  1942c	Commutation.elf
Finished building: default.size.stdout
 
Finished building: Commutation.list
 
17:40:25 **** Incremental Build of configuration Debug for project Commutation ****
make -j8 all 
arm-none-eabi-gcc "../Core/Src/adc.c" -mcpu=cortex-m4 -std=gnu11 -g3 -DDEBUG -DUSE_HAL_DRIVER -DSTM32F411xE -c -I../Core/Inc -I../Drivers/STM32F4xx_HAL_Driver/Inc -I../Drivers/STM32F4xx_HAL_Driver/Inc/Legacy -I../Drivers/CMSIS/Device/ST/STM32F4xx/Include -I../Drivers/CMSIS/Include -O0 -ffunction-sections -fdata-sections -Wall -fstack-usage -fcyclomatic-complexity -MMD -MP -MF"Core/Src/adc.d" -MT"Core/Src/adc.o" --specs=nano.specs -mfpu=fpv4-sp-d16 -mfloat-abi=hard -mthumb -o "Core/Src/adc.o"
arm-none-eabi-gcc -o "Commutation.elf" @"objects.list"   -mcpu=cortex-m4 -T"C:\Users\luuk\Documents\GitHub\Allset\STM32-Code-Source\Black Pill Code\Commutation\STM32F411CEUX_FLASH.ld" --specs=nosys.specs -Wl,-Map="Commutation.map" -Wl,--gc-sections -static --specs=nano.specs -mfpu=fpv4-sp-d16 -mfloat-abi=hard -mthumb -u _printf_float -Wl,--start-group -lc -lm -Wl,--end-group
Finished building target: Commutation.elf
 
arm-none-eabi-size  Commutation.elf 
arm-none-eabi-objdump -h -S Commutation.elf  > "Commutation.list"
   text	   data	    bss	    dec	    hex	filename
  34508	    628	  68332	 103468	  1942c	Commutation.elf
Finished building: default.size.stdout
 
Finished building: Commutation.list
 
17:51:22 **** Incremental Build of configuration Debug for project Commutation ****
make -j8 all 
arm-none-eabi-gcc "../Core/Src/adc.c" -mcpu=cortex-m4 -std=gnu11 -g3 -DDEBUG -DUSE_HAL_DRIVER -DSTM32F411xE -c -I../Core/Inc -I../Drivers/STM32F4xx_HAL_Driver/Inc -I../Drivers/STM32F4xx_HAL_Driver/Inc/Legacy -I../Drivers/CMSIS/Device/ST/STM32F4xx/Include -I../Drivers/CMSIS/Include -O0 -ffunction-sections -fdata-sections -Wall -fstack-usage -fcyclomatic-complexity -MMD -MP -MF"Core/Src/adc.d" -MT"Core/Src/adc.o" --specs=nano.specs -mfpu=fpv4-sp-d16 -mfloat-abi=hard -mthumb -o "Core/Src/adc.o"
arm-none-eabi-gcc -o "Commutation.elf" @"objects.list"   -mcpu=cortex-m4 -T"C:\Users\luuk\Documents\GitHub\Allset\STM32-Code-Source\Black Pill Code\Commutation\STM32F411CEUX_FLASH.ld" --specs=nosys.specs -Wl,-Map="Commutation.map" -Wl,--gc-sections -static --specs=nano.specs -mfpu=fpv4-sp-d16 -mfloat-abi=hard -mthumb -u _printf_float -Wl,--start-group -lc -lm -Wl,--end-group
Finished building target: Commutation.elf
 
arm-none-eabi-size  Commutation.elf 
arm-none-eabi-objdump -h -S Commutation.elf  > "Commutation.list"
   text	   data	    bss	    dec	    hex	filename
  34596	    628	  68332	 103556	  19484	Commutation.elf
Finished building: default.size.stdout
 
Finished building: Commutation.list
 
17:52:08 **** Incremental Build of configuration Debug for project Commutation ****
make -j8 all 
arm-none-eabi-gcc "../Core/Src/adc.c" -mcpu=cortex-m4 -std=gnu11 -g3 -DDEBUG -DUSE_HAL_DRIVER -DSTM32F411xE -c -I../Core/Inc -I../Drivers/STM32F4xx_HAL_Driver/Inc -I../Drivers/STM32F4xx_HAL_Driver/Inc/Legacy -I../Drivers/CMSIS/Device/ST/STM32F4xx/Include -I../Drivers/CMSIS/Include -O0 -ffunction-sections -fdata-sections -Wall -fstack-usage -fcyclomatic-complexity -MMD -MP -MF"Core/Src/adc.d" -MT"Core/Src/adc.o" --specs=nano.specs -mfpu=fpv4-sp-d16 -mfloat-abi=hard -mthumb -o "Core/Src/adc.o"
arm-none-eabi-gcc -o "Commutation.elf" @"objects.list"   -mcpu=cortex-m4 -T"C:\Users\luuk\Documents\GitHub\Allset\STM32-Code-Source\Black Pill Code\Commutation\STM32F411CEUX_FLASH.ld" --specs=nosys.specs -Wl,-Map="Commutation.map" -Wl,--gc-sections -static --specs=nano.specs -mfpu=fpv4-sp-d16 -mfloat-abi=hard -mthumb -u _printf_float -Wl,--start-group -lc -lm -Wl,--end-group
Finished building target: Commutation.elf
 
arm-none-eabi-size  Commutation.elf 
arm-none-eabi-objdump -h -S Commutation.elf  > "Commutation.list"
   text	   data	    bss	    dec	    hex	filename
  34596	    628	  68332	 103556	  19484	Commutation.elf
Finished building: default.size.stdout
 
Finished building: Commutation.list
 
17:53:34 **** Incremental Build of configuration Debug for project Commutation ****
make -j8 all 
arm-none-eabi-gcc "../Core/Src/adc.c" -mcpu=cortex-m4 -std=gnu11 -g3 -DDEBUG -DUSE_HAL_DRIVER -DSTM32F411xE -c -I../Core/Inc -I../Drivers/STM32F4xx_HAL_Driver/Inc -I../Drivers/STM32F4xx_HAL_Driver/Inc/Legacy -I../Drivers/CMSIS/Device/ST/STM32F4xx/Include -I../Drivers/CMSIS/Include -O0 -ffunction-sections -fdata-sections -Wall -fstack-usage -fcyclomatic-complexity -MMD -MP -MF"Core/Src/adc.d" -MT"Core/Src/adc.o" --specs=nano.specs -mfpu=fpv4-sp-d16 -mfloat-abi=hard -mthumb -o "Core/Src/adc.o"
arm-none-eabi-gcc -o "Commutation.elf" @"objects.list"   -mcpu=cortex-m4 -T"C:\Users\luuk\Documents\GitHub\Allset\STM32-Code-Source\Black Pill Code\Commutation\STM32F411CEUX_FLASH.ld" --specs=nosys.specs -Wl,-Map="Commutation.map" -Wl,--gc-sections -static --specs=nano.specs -mfpu=fpv4-sp-d16 -mfloat-abi=hard -mthumb -u _printf_float -Wl,--start-group -lc -lm -Wl,--end-group
Finished building target: Commutation.elf
 
arm-none-eabi-size  Commutation.elf 
arm-none-eabi-objdump -h -S Commutation.elf  > "Commutation.list"
   text	   data	    bss	    dec	    hex	filename
  34620	    628	  68332	 103580	  1949c	Commutation.elf
Finished building: default.size.stdout
 
Finished building: Commutation.list
 
17:54:18 **** Incremental Build of configuration Debug for project Commutation ****
make -j8 all 
arm-none-eabi-gcc "../Core/Src/adc.c" -mcpu=cortex-m4 -std=gnu11 -g3 -DDEBUG -DUSE_HAL_DRIVER -DSTM32F411xE -c -I../Core/Inc -I../Drivers/STM32F4xx_HAL_Driver/Inc -I../Drivers/STM32F4xx_HAL_Driver/Inc/Legacy -I../Drivers/CMSIS/Device/ST/STM32F4xx/Include -I../Drivers/CMSIS/Include -O0 -ffunction-sections -fdata-sections -Wall -fstack-usage -fcyclomatic-complexity -MMD -MP -MF"Core/Src/adc.d" -MT"Core/Src/adc.o" --specs=nano.specs -mfpu=fpv4-sp-d16 -mfloat-abi=hard -mthumb -o "Core/Src/adc.o"
arm-none-eabi-gcc -o "Commutation.elf" @"objects.list"   -mcpu=cortex-m4 -T"C:\Users\luuk\Documents\GitHub\Allset\STM32-Code-Source\Black Pill Code\Commutation\STM32F411CEUX_FLASH.ld" --specs=nosys.specs -Wl,-Map="Commutation.map" -Wl,--gc-sections -static --specs=nano.specs -mfpu=fpv4-sp-d16 -mfloat-abi=hard -mthumb -u _printf_float -Wl,--start-group -lc -lm -Wl,--end-group
Finished building target: Commutation.elf
 
arm-none-eabi-size  Commutation.elf 
arm-none-eabi-objdump -h -S Commutation.elf  > "Commutation.list"
   text	   data	    bss	    dec	    hex	filename
  34548	    628	  68332	 103508	  19454	Commutation.elf
Finished building: default.size.stdout
 
Finished building: Commutation.list
 
17:54:39 **** Incremental Build of configuration Debug for project Commutation ****
make -j8 all 
arm-none-eabi-size  Commutation.elf 
   text	   data	    bss	    dec	    hex	filename
  34548	    628	  68332	 103508	  19454	Commutation.elf
Finished building: default.size.stdout
 
17:54:55 **** Incremental Build of configuration Debug for project Commutation ****
make -j8 all 
arm-none-eabi-size  Commutation.elf 
   text	   data	    bss	    dec	    hex	filename
  34548	    628	  68332	 103508	  19454	Commutation.elf
Finished building: default.size.stdout
 
17:55:22 **** Incremental Build of configuration Debug for project Commutation ****
make -j8 all 
arm-none-eabi-size  Commutation.elf 
   text	   data	    bss	    dec	    hex	filename
  34548	    628	  68332	 103508	  19454	Commutation.elf
Finished building: default.size.stdout
 
17:55:38 **** Incremental Build of configuration Debug for project Commutation ****
make -j8 all 
arm-none-eabi-size  Commutation.elf 
   text	   data	    bss	    dec	    hex	filename
  34548	    628	  68332	 103508	  19454	Commutation.elf
Finished building: default.size.stdout
 
17:56:45 **** Incremental Build of configuration Debug for project Commutation ****
make -j8 all 
arm-none-eabi-size  Commutation.elf 
   text	   data	    bss	    dec	    hex	filename
  34548	    628	  68332	 103508	  19454	Commutation.elf
Finished building: default.size.stdout
 
17:57:01 **** Incremental Build of configuration Debug for project Commutation ****
make -j8 all 
arm-none-eabi-size  Commutation.elf 
   text	   data	    bss	    dec	    hex	filename
  34548	    628	  68332	 103508	  19454	Commutation.elf
Finished building: default.size.stdout
 
17:57:57 **** Incremental Build of configuration Debug for project Commutation ****
make -j8 all 
arm-none-eabi-gcc "../Core/Src/adc.c" -mcpu=cortex-m4 -std=gnu11 -g3 -DDEBUG -DUSE_HAL_DRIVER -DSTM32F411xE -c -I../Core/Inc -I../Drivers/STM32F4xx_HAL_Driver/Inc -I../Drivers/STM32F4xx_HAL_Driver/Inc/Legacy -I../Drivers/CMSIS/Device/ST/STM32F4xx/Include -I../Drivers/CMSIS/Include -O0 -ffunction-sections -fdata-sections -Wall -fstack-usage -fcyclomatic-complexity -MMD -MP -MF"Core/Src/adc.d" -MT"Core/Src/adc.o" --specs=nano.specs -mfpu=fpv4-sp-d16 -mfloat-abi=hard -mthumb -o "Core/Src/adc.o"
arm-none-eabi-gcc -o "Commutation.elf" @"objects.list"   -mcpu=cortex-m4 -T"C:\Users\luuk\Documents\GitHub\Allset\STM32-Code-Source\Black Pill Code\Commutation\STM32F411CEUX_FLASH.ld" --specs=nosys.specs -Wl,-Map="Commutation.map" -Wl,--gc-sections -static --specs=nano.specs -mfpu=fpv4-sp-d16 -mfloat-abi=hard -mthumb -u _printf_float -Wl,--start-group -lc -lm -Wl,--end-group
Finished building target: Commutation.elf
 
arm-none-eabi-size  Commutation.elf 
arm-none-eabi-objdump -h -S Commutation.elf  > "Commutation.list"
   text	   data	    bss	    dec	    hex	filename
  34724	    628	  68332	 103684	  19504	Commutation.elf
Finished building: default.size.stdout
 
Finished building: Commutation.list
 
17:58:15 **** Incremental Build of configuration Debug for project Commutation ****
make -j8 all 
arm-none-eabi-size  Commutation.elf 
   text	   data	    bss	    dec	    hex	filename
  34724	    628	  68332	 103684	  19504	Commutation.elf
Finished building: default.size.stdout
 
17:58:42 **** Incremental Build of configuration Debug for project Commutation ****
make -j8 all 
arm-none-eabi-gcc "../Core/Src/adc.c" -mcpu=cortex-m4 -std=gnu11 -g3 -DDEBUG -DUSE_HAL_DRIVER -DSTM32F411xE -c -I../Core/Inc -I../Drivers/STM32F4xx_HAL_Driver/Inc -I../Drivers/STM32F4xx_HAL_Driver/Inc/Legacy -I../Drivers/CMSIS/Device/ST/STM32F4xx/Include -I../Drivers/CMSIS/Include -O0 -ffunction-sections -fdata-sections -Wall -fstack-usage -fcyclomatic-complexity -MMD -MP -MF"Core/Src/adc.d" -MT"Core/Src/adc.o" --specs=nano.specs -mfpu=fpv4-sp-d16 -mfloat-abi=hard -mthumb -o "Core/Src/adc.o"
arm-none-eabi-gcc -o "Commutation.elf" @"objects.list"   -mcpu=cortex-m4 -T"C:\Users\luuk\Documents\GitHub\Allset\STM32-Code-Source\Black Pill Code\Commutation\STM32F411CEUX_FLASH.ld" --specs=nosys.specs -Wl,-Map="Commutation.map" -Wl,--gc-sections -static --specs=nano.specs -mfpu=fpv4-sp-d16 -mfloat-abi=hard -mthumb -u _printf_float -Wl,--start-group -lc -lm -Wl,--end-group
Finished building target: Commutation.elf
 
arm-none-eabi-size  Commutation.elf 
arm-none-eabi-objdump -h -S Commutation.elf  > "Commutation.list"
   text	   data	    bss	    dec	    hex	filename
  34532	    628	  68332	 103492	  19444	Commutation.elf
Finished building: default.size.stdout
 
Finished building: Commutation.list
 
17:59:02 **** Incremental Build of configuration Debug for project Commutation ****
make -j8 all 
arm-none-eabi-size  Commutation.elf 
   text	   data	    bss	    dec	    hex	filename
  34532	    628	  68332	 103492	  19444	Commutation.elf
Finished building: default.size.stdout
 
18:01:48 **** Incremental Build of configuration Debug for project Commutation ****
make -j8 all 
arm-none-eabi-gcc "../Core/Src/adc.c" -mcpu=cortex-m4 -std=gnu11 -g3 -DDEBUG -DUSE_HAL_DRIVER -DSTM32F411xE -c -I../Core/Inc -I../Drivers/STM32F4xx_HAL_Driver/Inc -I../Drivers/STM32F4xx_HAL_Driver/Inc/Legacy -I../Drivers/CMSIS/Device/ST/STM32F4xx/Include -I../Drivers/CMSIS/Include -O0 -ffunction-sections -fdata-sections -Wall -fstack-usage -fcyclomatic-complexity -MMD -MP -MF"Core/Src/adc.d" -MT"Core/Src/adc.o" --specs=nano.specs -mfpu=fpv4-sp-d16 -mfloat-abi=hard -mthumb -o "Core/Src/adc.o"
arm-none-eabi-gcc -o "Commutation.elf" @"objects.list"   -mcpu=cortex-m4 -T"C:\Users\luuk\Documents\GitHub\Allset\STM32-Code-Source\Black Pill Code\Commutation\STM32F411CEUX_FLASH.ld" --specs=nosys.specs -Wl,-Map="Commutation.map" -Wl,--gc-sections -static --specs=nano.specs -mfpu=fpv4-sp-d16 -mfloat-abi=hard -mthumb -u _printf_float -Wl,--start-group -lc -lm -Wl,--end-group
Finished building target: Commutation.elf
 
arm-none-eabi-size  Commutation.elf 
arm-none-eabi-objdump -h -S Commutation.elf  > "Commutation.list"
   text	   data	    bss	    dec	    hex	filename
  34548	    628	  68332	 103508	  19454	Commutation.elf
Finished building: default.size.stdout
 
Finished building: Commutation.list
 
18:02:25 **** Incremental Build of configuration Debug for project Commutation ****
make -j8 all 
arm-none-eabi-gcc "../Core/Src/adc.c" -mcpu=cortex-m4 -std=gnu11 -g3 -DDEBUG -DUSE_HAL_DRIVER -DSTM32F411xE -c -I../Core/Inc -I../Drivers/STM32F4xx_HAL_Driver/Inc -I../Drivers/STM32F4xx_HAL_Driver/Inc/Legacy -I../Drivers/CMSIS/Device/ST/STM32F4xx/Include -I../Drivers/CMSIS/Include -O0 -ffunction-sections -fdata-sections -Wall -fstack-usage -fcyclomatic-complexity -MMD -MP -MF"Core/Src/adc.d" -MT"Core/Src/adc.o" --specs=nano.specs -mfpu=fpv4-sp-d16 -mfloat-abi=hard -mthumb -o "Core/Src/adc.o"
arm-none-eabi-gcc -o "Commutation.elf" @"objects.list"   -mcpu=cortex-m4 -T"C:\Users\luuk\Documents\GitHub\Allset\STM32-Code-Source\Black Pill Code\Commutation\STM32F411CEUX_FLASH.ld" --specs=nosys.specs -Wl,-Map="Commutation.map" -Wl,--gc-sections -static --specs=nano.specs -mfpu=fpv4-sp-d16 -mfloat-abi=hard -mthumb -u _printf_float -Wl,--start-group -lc -lm -Wl,--end-group
Finished building target: Commutation.elf
 
arm-none-eabi-size  Commutation.elf 
arm-none-eabi-objdump -h -S Commutation.elf  > "Commutation.list"
   text	   data	    bss	    dec	    hex	filename
  34508	    628	  68332	 103468	  1942c	Commutation.elf
Finished building: default.size.stdout
 
Finished building: Commutation.list
 
18:04:42 **** Incremental Build of configuration Debug for project Commutation ****
make -j8 all 
arm-none-eabi-gcc "../Core/Src/adc.c" -mcpu=cortex-m4 -std=gnu11 -g3 -DDEBUG -DUSE_HAL_DRIVER -DSTM32F411xE -c -I../Core/Inc -I../Drivers/STM32F4xx_HAL_Driver/Inc -I../Drivers/STM32F4xx_HAL_Driver/Inc/Legacy -I../Drivers/CMSIS/Device/ST/STM32F4xx/Include -I../Drivers/CMSIS/Include -O0 -ffunction-sections -fdata-sections -Wall -fstack-usage -fcyclomatic-complexity -MMD -MP -MF"Core/Src/adc.d" -MT"Core/Src/adc.o" --specs=nano.specs -mfpu=fpv4-sp-d16 -mfloat-abi=hard -mthumb -o "Core/Src/adc.o"
arm-none-eabi-gcc -o "Commutation.elf" @"objects.list"   -mcpu=cortex-m4 -T"C:\Users\luuk\Documents\GitHub\Allset\STM32-Code-Source\Black Pill Code\Commutation\STM32F411CEUX_FLASH.ld" --specs=nosys.specs -Wl,-Map="Commutation.map" -Wl,--gc-sections -static --specs=nano.specs -mfpu=fpv4-sp-d16 -mfloat-abi=hard -mthumb -u _printf_float -Wl,--start-group -lc -lm -Wl,--end-group
Finished building target: Commutation.elf
 
arm-none-eabi-size  Commutation.elf 
arm-none-eabi-objdump -h -S Commutation.elf  > "Commutation.list"
   text	   data	    bss	    dec	    hex	filename
  34564	    628	  68332	 103524	  19464	Commutation.elf
Finished building: default.size.stdout
 
Finished building: Commutation.list
 
18:05:34 **** Incremental Build of configuration Debug for project Commutation ****
make -j8 all 
arm-none-eabi-gcc "../Core/Src/adc.c" -mcpu=cortex-m4 -std=gnu11 -g3 -DDEBUG -DUSE_HAL_DRIVER -DSTM32F411xE -c -I../Core/Inc -I../Drivers/STM32F4xx_HAL_Driver/Inc -I../Drivers/STM32F4xx_HAL_Driver/Inc/Legacy -I../Drivers/CMSIS/Device/ST/STM32F4xx/Include -I../Drivers/CMSIS/Include -O0 -ffunction-sections -fdata-sections -Wall -fstack-usage -fcyclomatic-complexity -MMD -MP -MF"Core/Src/adc.d" -MT"Core/Src/adc.o" --specs=nano.specs -mfpu=fpv4-sp-d16 -mfloat-abi=hard -mthumb -o "Core/Src/adc.o"
arm-none-eabi-gcc -o "Commutation.elf" @"objects.list"   -mcpu=cortex-m4 -T"C:\Users\luuk\Documents\GitHub\Allset\STM32-Code-Source\Black Pill Code\Commutation\STM32F411CEUX_FLASH.ld" --specs=nosys.specs -Wl,-Map="Commutation.map" -Wl,--gc-sections -static --specs=nano.specs -mfpu=fpv4-sp-d16 -mfloat-abi=hard -mthumb -u _printf_float -Wl,--start-group -lc -lm -Wl,--end-group
Finished building target: Commutation.elf
 
arm-none-eabi-size  Commutation.elf 
arm-none-eabi-objdump -h -S Commutation.elf  > "Commutation.list"
   text	   data	    bss	    dec	    hex	filename
  34756	    628	  68332	 103716	  19524	Commutation.elf
Finished building: default.size.stdout
 
Finished building: Commutation.list
 
18:06:23 **** Incremental Build of configuration Debug for project Commutation ****
make -j8 all 
arm-none-eabi-gcc "../Core/Src/adc.c" -mcpu=cortex-m4 -std=gnu11 -g3 -DDEBUG -DUSE_HAL_DRIVER -DSTM32F411xE -c -I../Core/Inc -I../Drivers/STM32F4xx_HAL_Driver/Inc -I../Drivers/STM32F4xx_HAL_Driver/Inc/Legacy -I../Drivers/CMSIS/Device/ST/STM32F4xx/Include -I../Drivers/CMSIS/Include -O0 -ffunction-sections -fdata-sections -Wall -fstack-usage -fcyclomatic-complexity -MMD -MP -MF"Core/Src/adc.d" -MT"Core/Src/adc.o" --specs=nano.specs -mfpu=fpv4-sp-d16 -mfloat-abi=hard -mthumb -o "Core/Src/adc.o"
arm-none-eabi-gcc -o "Commutation.elf" @"objects.list"   -mcpu=cortex-m4 -T"C:\Users\luuk\Documents\GitHub\Allset\STM32-Code-Source\Black Pill Code\Commutation\STM32F411CEUX_FLASH.ld" --specs=nosys.specs -Wl,-Map="Commutation.map" -Wl,--gc-sections -static --specs=nano.specs -mfpu=fpv4-sp-d16 -mfloat-abi=hard -mthumb -u _printf_float -Wl,--start-group -lc -lm -Wl,--end-group
Finished building target: Commutation.elf
 
arm-none-eabi-size  Commutation.elf 
arm-none-eabi-objdump -h -S Commutation.elf  > "Commutation.list"
   text	   data	    bss	    dec	    hex	filename
  34756	    628	  68332	 103716	  19524	Commutation.elf
Finished building: default.size.stdout
 
Finished building: Commutation.list
 
18:11:38 **** Incremental Build of configuration Debug for project Commutation ****
make -j8 all 
arm-none-eabi-gcc "../Core/Src/adc.c" -mcpu=cortex-m4 -std=gnu11 -g3 -DDEBUG -DUSE_HAL_DRIVER -DSTM32F411xE -c -I../Core/Inc -I../Drivers/STM32F4xx_HAL_Driver/Inc -I../Drivers/STM32F4xx_HAL_Driver/Inc/Legacy -I../Drivers/CMSIS/Device/ST/STM32F4xx/Include -I../Drivers/CMSIS/Include -O0 -ffunction-sections -fdata-sections -Wall -fstack-usage -fcyclomatic-complexity -MMD -MP -MF"Core/Src/adc.d" -MT"Core/Src/adc.o" --specs=nano.specs -mfpu=fpv4-sp-d16 -mfloat-abi=hard -mthumb -o "Core/Src/adc.o"
arm-none-eabi-gcc -o "Commutation.elf" @"objects.list"   -mcpu=cortex-m4 -T"C:\Users\luuk\Documents\GitHub\Allset\STM32-Code-Source\Black Pill Code\Commutation\STM32F411CEUX_FLASH.ld" --specs=nosys.specs -Wl,-Map="Commutation.map" -Wl,--gc-sections -static --specs=nano.specs -mfpu=fpv4-sp-d16 -mfloat-abi=hard -mthumb -u _printf_float -Wl,--start-group -lc -lm -Wl,--end-group
Finished building target: Commutation.elf
 
arm-none-eabi-size  Commutation.elf 
arm-none-eabi-objdump -h -S Commutation.elf  > "Commutation.list"
   text	   data	    bss	    dec	    hex	filename
  34756	    628	  68332	 103716	  19524	Commutation.elf
Finished building: default.size.stdout
 
Finished building: Commutation.list
 
18:13:36 **** Incremental Build of configuration Debug for project Commutation ****
make -j8 all 
arm-none-eabi-gcc "../Core/Src/adc.c" -mcpu=cortex-m4 -std=gnu11 -g3 -DDEBUG -DUSE_HAL_DRIVER -DSTM32F411xE -c -I../Core/Inc -I../Drivers/STM32F4xx_HAL_Driver/Inc -I../Drivers/STM32F4xx_HAL_Driver/Inc/Legacy -I../Drivers/CMSIS/Device/ST/STM32F4xx/Include -I../Drivers/CMSIS/Include -O0 -ffunction-sections -fdata-sections -Wall -fstack-usage -fcyclomatic-complexity -MMD -MP -MF"Core/Src/adc.d" -MT"Core/Src/adc.o" --specs=nano.specs -mfpu=fpv4-sp-d16 -mfloat-abi=hard -mthumb -o "Core/Src/adc.o"
arm-none-eabi-gcc -o "Commutation.elf" @"objects.list"   -mcpu=cortex-m4 -T"C:\Users\luuk\Documents\GitHub\Allset\STM32-Code-Source\Black Pill Code\Commutation\STM32F411CEUX_FLASH.ld" --specs=nosys.specs -Wl,-Map="Commutation.map" -Wl,--gc-sections -static --specs=nano.specs -mfpu=fpv4-sp-d16 -mfloat-abi=hard -mthumb -u _printf_float -Wl,--start-group -lc -lm -Wl,--end-group
Finished building target: Commutation.elf
 
arm-none-eabi-size  Commutation.elf 
arm-none-eabi-objdump -h -S Commutation.elf  > "Commutation.list"
   text	   data	    bss	    dec	    hex	filename
  34780	    628	  68332	 103740	  1953c	Commutation.elf
Finished building: default.size.stdout
 
Finished building: Commutation.list
 
18:14:02 **** Incremental Build of configuration Debug for project Commutation ****
make -j8 all 
arm-none-eabi-size  Commutation.elf 
   text	   data	    bss	    dec	    hex	filename
  34780	    628	  68332	 103740	  1953c	Commutation.elf
Finished building: default.size.stdout
 
18:15:28 **** Incremental Build of configuration Debug for project Commutation ****
make -j8 all 
arm-none-eabi-gcc "../Core/Src/adc.c" -mcpu=cortex-m4 -std=gnu11 -g3 -DDEBUG -DUSE_HAL_DRIVER -DSTM32F411xE -c -I../Core/Inc -I../Drivers/STM32F4xx_HAL_Driver/Inc -I../Drivers/STM32F4xx_HAL_Driver/Inc/Legacy -I../Drivers/CMSIS/Device/ST/STM32F4xx/Include -I../Drivers/CMSIS/Include -O0 -ffunction-sections -fdata-sections -Wall -fstack-usage -fcyclomatic-complexity -MMD -MP -MF"Core/Src/adc.d" -MT"Core/Src/adc.o" --specs=nano.specs -mfpu=fpv4-sp-d16 -mfloat-abi=hard -mthumb -o "Core/Src/adc.o"
arm-none-eabi-gcc -o "Commutation.elf" @"objects.list"   -mcpu=cortex-m4 -T"C:\Users\luuk\Documents\GitHub\Allset\STM32-Code-Source\Black Pill Code\Commutation\STM32F411CEUX_FLASH.ld" --specs=nosys.specs -Wl,-Map="Commutation.map" -Wl,--gc-sections -static --specs=nano.specs -mfpu=fpv4-sp-d16 -mfloat-abi=hard -mthumb -u _printf_float -Wl,--start-group -lc -lm -Wl,--end-group
Finished building target: Commutation.elf
 
arm-none-eabi-size  Commutation.elf 
arm-none-eabi-objdump -h -S Commutation.elf  > "Commutation.list"
   text	   data	    bss	    dec	    hex	filename
  34780	    628	  68332	 103740	  1953c	Commutation.elf
Finished building: default.size.stdout
 
Finished building: Commutation.list
 
18:15:48 **** Incremental Build of configuration Debug for project Commutation ****
make -j8 all 
arm-none-eabi-size  Commutation.elf 
   text	   data	    bss	    dec	    hex	filename
  34780	    628	  68332	 103740	  1953c	Commutation.elf
Finished building: default.size.stdout
 
18:16:30 **** Incremental Build of configuration Debug for project Commutation ****
make -j8 all 
arm-none-eabi-gcc "../Core/Src/adc.c" -mcpu=cortex-m4 -std=gnu11 -g3 -DDEBUG -DUSE_HAL_DRIVER -DSTM32F411xE -c -I../Core/Inc -I../Drivers/STM32F4xx_HAL_Driver/Inc -I../Drivers/STM32F4xx_HAL_Driver/Inc/Legacy -I../Drivers/CMSIS/Device/ST/STM32F4xx/Include -I../Drivers/CMSIS/Include -O0 -ffunction-sections -fdata-sections -Wall -fstack-usage -fcyclomatic-complexity -MMD -MP -MF"Core/Src/adc.d" -MT"Core/Src/adc.o" --specs=nano.specs -mfpu=fpv4-sp-d16 -mfloat-abi=hard -mthumb -o "Core/Src/adc.o"
arm-none-eabi-gcc -o "Commutation.elf" @"objects.list"   -mcpu=cortex-m4 -T"C:\Users\luuk\Documents\GitHub\Allset\STM32-Code-Source\Black Pill Code\Commutation\STM32F411CEUX_FLASH.ld" --specs=nosys.specs -Wl,-Map="Commutation.map" -Wl,--gc-sections -static --specs=nano.specs -mfpu=fpv4-sp-d16 -mfloat-abi=hard -mthumb -u _printf_float -Wl,--start-group -lc -lm -Wl,--end-group
Finished building target: Commutation.elf
 
arm-none-eabi-size  Commutation.elf 
arm-none-eabi-objdump -h -S Commutation.elf  > "Commutation.list"
   text	   data	    bss	    dec	    hex	filename
  34780	    628	  68332	 103740	  1953c	Commutation.elf
Finished building: default.size.stdout
 
Finished building: Commutation.list
 
18:16:46 **** Incremental Build of configuration Debug for project Commutation ****
make -j8 all 
arm-none-eabi-size  Commutation.elf 
   text	   data	    bss	    dec	    hex	filename
  34780	    628	  68332	 103740	  1953c	Commutation.elf
Finished building: default.size.stdout
 
18:17:07 **** Incremental Build of configuration Debug for project Commutation ****
make -j8 all 
arm-none-eabi-size  Commutation.elf 
   text	   data	    bss	    dec	    hex	filename
  34780	    628	  68332	 103740	  1953c	Commutation.elf
Finished building: default.size.stdout
 
