../Core/Src/main.c:95:5:main	88	static
../Core/Src/main.c:230:6:SystemClock_Config	88	static
../Core/Src/main.c:276:13:MX_ADC1_Init	24	static
../Core/Src/main.c:328:13:MX_I2C2_Init	8	static
../Core/Src/main.c:362:13:MX_SPI1_Init	8	static
../Core/Src/main.c:400:13:MX_TIM2_Init	48	static
../Core/Src/main.c:448:13:MX_TIM3_Init	48	static
../Core/Src/main.c:506:13:MX_TIM4_Init	48	static
../Core/Src/main.c:554:13:MX_TIM5_Init	32	static
../Core/Src/main.c:598:13:MX_GPIO_Init	48	static
../Core/Src/main.c:658:6:Error_Handler	4	static,ignoring_inline_asm
