../Core/Src/main.c:80:10:MAX	16	static
../Core/Src/main.c:101:5:main	24	static
../Core/Src/main.c:233:6:SystemClock_Config	88	static
../Core/Src/main.c:279:13:MX_ADC1_Init	24	static
../Core/Src/main.c:331:13:MX_I2C2_Init	8	static
../Core/Src/main.c:365:13:MX_SPI1_Init	8	static
../Core/Src/main.c:403:13:MX_TIM1_Init	80	static
../Core/Src/main.c:481:13:MX_TIM3_Init	64	static
../Core/Src/main.c:559:13:MX_TIM4_Init	48	static
../Core/Src/main.c:607:13:MX_TIM5_Init	32	static
../Core/Src/main.c:651:13:MX_TIM9_Init	40	static
../Core/Src/main.c:692:13:MX_USART6_UART_Init	8	static
../Core/Src/main.c:725:13:MX_GPIO_Init	48	static
../Core/Src/main.c:785:6:Error_Handler	4	static,ignoring_inline_asm
