../Core/Src/stm32f4xx_it.c:77:6:NMI_Handler	4	static
../Core/Src/stm32f4xx_it.c:92:6:HardFault_Handler	4	static
../Core/Src/stm32f4xx_it.c:107:6:MemManage_Handler	4	static
../Core/Src/stm32f4xx_it.c:122:6:BusFault_Handler	4	static
../Core/Src/stm32f4xx_it.c:137:6:UsageFault_Handler	4	static
../Core/Src/stm32f4xx_it.c:152:6:SVC_Handler	4	static
../Core/Src/stm32f4xx_it.c:165:6:DebugMon_Handler	4	static
../Core/Src/stm32f4xx_it.c:178:6:PendSV_Handler	4	static
../Core/Src/stm32f4xx_it.c:191:6:SysTick_Handler	8	static
../Core/Src/stm32f4xx_it.c:212:6:EXTI9_5_IRQHandler	8	static
../Core/Src/stm32f4xx_it.c:262:6:TIM1_BRK_TIM9_IRQHandler	24	static
../Core/Src/stm32f4xx_it.c:284:6:TIM1_TRG_COM_TIM11_IRQHandler	8	static
../Core/Src/stm32f4xx_it.c:298:5:CheckActive	16	static
